// Jest Snapshot v1, https://goo.gl/fbAQLP

exports[`return button panel 1`] = `
Array [
  <div
    className="g1"
  >
    <button
      className="gray "
      onClick={[Function]}
      type="button"
    >
      AC
    </button>
    <button
      className="gray "
      onClick={[Function]}
      type="button"
    >
      +/-
    </button>
    <button
      className="gray "
      onClick={[Function]}
      type="button"
    >
      %
    </button>
    <button
      className="orange "
      onClick={[Function]}
      type="button"
    >
      /
    </button>
  </div>,
  <div
    className="g1"
  >
    <button
      className="gray "
      onClick={[Function]}
      type="button"
    >
      7
    </button>
    <button
      className="gray "
      onClick={[Function]}
      type="button"
    >
      8
    </button>
    <button
      className="gray "
      onClick={[Function]}
      type="button"
    >
      9
    </button>
    <button
      className="orange "
      onClick={[Function]}
      type="button"
    >
      X
    </button>
  </div>,
  <div
    className="g1"
  >
    <button
      className="gray "
      onClick={[Function]}
      type="button"
    >
      4
    </button>
    <button
      className="gray "
      onClick={[Function]}
      type="button"
    >
      5
    </button>
    <button
      className="gray "
      onClick={[Function]}
      type="button"
    >
      6
    </button>
    <button
      className="orange "
      onClick={[Function]}
      type="button"
    >
      -
    </button>
  </div>,
  <div
    className="g1"
  >
    <button
      className="gray "
      onClick={[Function]}
      type="button"
    >
      1
    </button>
    <button
      className="gray "
      onClick={[Function]}
      type="button"
    >
      2
    </button>
    <button
      className="gray "
      onClick={[Function]}
      type="button"
    >
      3
    </button>
    <button
      className="orange "
      onClick={[Function]}
      type="button"
    >
      +
    </button>
  </div>,
  <div
    className="g1"
  >
    <button
      className="zero "
      onClick={[Function]}
      type="button"
    >
      0
    </button>
    <button
      className="gray "
      onClick={[Function]}
      type="button"
    >
      .
    </button>
    <button
      className="orange "
      onClick={[Function]}
      type="button"
    >
      =
    </button>
  </div>,
]
`;
