// Jest Snapshot v1, https://goo.gl/fbAQLP

exports[`return display 1`] = `
<div
  className="display"
>
  <p>
    0123
  </p>
</div>
`;
