// Jest Snapshot v1, https://goo.gl/fbAQLP

exports[`return display 1`] = `
<h2
  className="quote-text"
>
  Mathematics is not about numbers, equations, computations, or algorithms: it is about understanding. â€“William Paul Thurston
</h2>
`;
